// Jest Snapshot v1, https://goo.gl/fbAQLP

exports[`Button loader matches snapshot 1`] = `
.c0 {
  display: inline-block;
  overflow: hidden;
  width: 0.75em;
  height: 0.85em;
  margin: -0.1em 0 0em -0.375em;
}

<div
  className="c0"
>
  <svg
    viewBox="0 0 50 50"
    xmlns="http://www.w3.org/2000/svg"
  >
    <path
      d="M43.935,25.145c0-10.318-8.364-18.683-18.683-18.683c-10.318,0-18.683,8.365-18.683,18.683h4.068c0-8.071,6.543-14.615,14.615-14.615c8.072,0,14.615,6.543,14.615,14.615H43.935z"
      transform="rotate(150 25 25)"
    >
      <animateTransform
        attributeName="transform"
        attributeType="xml"
        dur="0.6s"
        from="0 25 25"
        repeatCount="indefinite"
        to="360 25 25"
        type="rotate"
      />
    </path>
  </svg>
</div>
`;
